books.ledger
Profit and Loss Statment for Activimetrics, LLC
2016-01-01 to 2016-12-31

          $-4,219.73  Expenses
             $-81.98    Dining
            $-145.88    Insurance:Liability-Insurance:General
             $-26.00    Licenses-and-Permits
            $-102.65    Office:Shipping
            $-420.00    Professional
            $-200.00      Accounting
            $-180.00      Legal
             $-40.00      Notary
            $-276.00    Rent
          $-1,003.87    Taxes
             $-50.94      City
              $-4.50      Hotel
              $-6.00      Occupancy
              $-2.63      Sales
             $-11.20      Sep11-Security-Tax
            $-876.95      State/Province
             $-16.00      US-Flight-Segment-Tax
             $-18.00      US-Passenger-Facility-Tax
             $-17.65      US-Transportation-Tax
          $-1,134.83    Travel-and-Entertainment
            $-867.00      Lodging
            $-267.83      Travel
          $-1,028.52    Utilities:Mobile-Phone
               $0.26  Income:Interest
               $0.26    Interest
--------------------
          $-4,219.47
